foglamp removed :0
foglamp installed :1
FogLAMP started.
FogLAMP started.
{
  "authenticationOptional": "xxx",
  "dataPurged": "xxx",
  "dataRead": "xxx",
  "dataSent": "xxx",
  "uptime": "xxx"
}
Total Messages Transferred: 1
{
  "Good": true,
  "Questionable": false,
  "Substituted": false,
  "Timestamp": "xxx",
  "UnitsAbbreviation": "",
  "Value": 10
}
